// Jest Snapshot v1, https://goo.gl/fbAQLP

exports[`UI/Component <InputField {...} /> Should render a default state of the Component 1`] = `
<div>
  <div
    class="relative w-full rounded-md h-full border border-gray-500"
  >
    <input
      class="h-full px-6 w-full rounded-lg bg-white text-slate-700 ease-in duration-200 focus:bg-white"
      placeholder="Text me..."
      type="text"
      value=""
    />
  </div>
</div>
`;
