// Jest Snapshot v1, https://goo.gl/fbAQLP

exports[`UI/CartTableHeading <CartTableHeading {...} /> Should render a default state of the Component 1`] = `
<div>
  <ul
    class="w-full flex border-b border-t border-b-dark border-t-dark"
  >
    <li
      class="w-full px-2 py-2 text-center md:text-left"
    >
      <span
        class=""
      >
        Item
      </span>
    </li>
    <li
      class="w-full max-w-[8rem] px-2 py-2 hidden md:block"
    >
      <span
        class=""
      >
        Price
      </span>
    </li>
    <li
      class="w-full max-w-[8rem] px-2 py-2 hidden md:block"
    >
      <span
        class=""
      >
        Quantity
      </span>
    </li>
    <li
      class="w-full max-w-[12rem] px-2 py-2 hidden md:block"
    >
      <span
        class=""
      >
        Subtotal
      </span>
    </li>
  </ul>
</div>
`;
