// Jest Snapshot v1, https://goo.gl/fbAQLP

exports[`Container/Component <LoginForm {...} /> Should render the badge with a counter 1`] = `
<div>
  <div
    class="bg-white border border-gray-300 rounded-lg p-4 shadow-md inline-block relative undefined"
  >
    <h3
      class="text-base text-black font-bold pb-2"
    >
      Login
    </h3>
    <form>
      <div
        class="py-2 py-2 w-96"
      >
        <label
          class="block text-xs mb-1 cursor-pointer"
          for="email"
        >
          Enter an Email
        </label>
        <div
          class="relative w-full rounded-md h-12 border border-gray-500"
        >
          <input
            class="h-full px-6 w-full rounded-lg bg-white text-slate-700 ease-in duration-200 focus:bg-white"
            id="email"
            name="email"
            type="text"
            value="visitor@my-site.com"
          />
        </div>
      </div>
      <div
        class="py-2 py-2 w-96"
      >
        <label
          class="block text-xs mb-1 cursor-pointer"
          for="password"
        >
          Enter a password
        </label>
        <div
          class="relative w-full rounded-md h-12 border border-gray-500"
        >
          <input
            class="h-full px-6 w-full rounded-lg bg-white text-slate-700 ease-in duration-200 focus:bg-white"
            id="password"
            name="password"
            type="password"
            value="13579"
          />
        </div>
      </div>
      <button
        class="cursor-pointer bg-green-600 text-white font-bold uppercase bg-primary hover:bg-hover hover:shadow-lg transition transform active:scale-90 duration-200 ease-in w-full px-4 py-1.5 flex justify-center items-center gap-2 py-2 w-96 rounded-xl"
        type="submit"
      >
        Login
      </button>
    </form>
    <a
      class="text-blue-400 text-sm mt-4 text-center hover:underline"
      href="/reset-password"
    >
      Reset password
    </a>
  </div>
</div>
`;
