// Jest Snapshot v1, https://goo.gl/fbAQLP

exports[`Containers/Controls <CheckoutWizard {...} /> Should be able to render the default state of the Component 1`] = `
<div>
  <div
    class="bg-white border border-gray-300 rounded-lg p-4 shadow-md inline-block relative w-full checkout-container min-h-full space-y-4"
  >
    <h3
      class="text-base text-black font-bold pb-2"
    >
      Check out
    </h3>
    <div
      class="tab-heading h-12 flex justify-center items-center"
    >
      <div
        class="wizard-heading border-green-500"
      >
        <div
          class="wizard-heading-circle border-green-500 active"
          data-testid="circle-button"
        >
          <svg
            aria-hidden="true"
            class="wizard-heading-icon text-green-500"
            fill="currentColor"
            viewBox="0 0 24 24"
            xmlns="http://www.w3.org/2000/svg"
          >
            <path
              clip-rule="evenodd"
              d="M7.5 6v.75H5.513c-.96 0-1.764.724-1.865 1.679l-1.263 12A1.875 1.875 0 004.25 22.5h15.5a1.875 1.875 0 001.865-2.071l-1.263-12a1.875 1.875 0 00-1.865-1.679H16.5V6a4.5 4.5 0 10-9 0zM12 3a3 3 0 00-3 3v.75h6V6a3 3 0 00-3-3zm-3 8.25a3 3 0 106 0v-.75a.75.75 0 011.5 0v.75a4.5 4.5 0 11-9 0v-.75a.75.75 0 011.5 0v.75z"
              fill-rule="evenodd"
            />
          </svg>
        </div>
      </div>
      <div
        class="wizard-heading border-gray-300"
      >
        <div
          class="wizard-heading-circle border-gray-300"
          data-testid="circle-button"
        >
          <svg
            aria-hidden="true"
            class="wizard-heading-icon text-gray-300"
            fill="currentColor"
            viewBox="0 0 24 24"
            xmlns="http://www.w3.org/2000/svg"
          >
            <path
              clip-rule="evenodd"
              d="M3 2.25a.75.75 0 000 1.5v16.5h-.75a.75.75 0 000 1.5H15v-18a.75.75 0 000-1.5H3zM6.75 19.5v-2.25a.75.75 0 01.75-.75h3a.75.75 0 01.75.75v2.25a.75.75 0 01-.75.75h-3a.75.75 0 01-.75-.75zM6 6.75A.75.75 0 016.75 6h.75a.75.75 0 010 1.5h-.75A.75.75 0 016 6.75zM6.75 9a.75.75 0 000 1.5h.75a.75.75 0 000-1.5h-.75zM6 12.75a.75.75 0 01.75-.75h.75a.75.75 0 010 1.5h-.75a.75.75 0 01-.75-.75zM10.5 6a.75.75 0 000 1.5h.75a.75.75 0 000-1.5h-.75zm-.75 3.75A.75.75 0 0110.5 9h.75a.75.75 0 010 1.5h-.75a.75.75 0 01-.75-.75zM10.5 12a.75.75 0 000 1.5h.75a.75.75 0 000-1.5h-.75zM16.5 6.75v15h5.25a.75.75 0 000-1.5H21v-12a.75.75 0 000-1.5h-4.5zm1.5 4.5a.75.75 0 01.75-.75h.008a.75.75 0 01.75.75v.008a.75.75 0 01-.75.75h-.008a.75.75 0 01-.75-.75v-.008zm.75 2.25a.75.75 0 00-.75.75v.008c0 .414.336.75.75.75h.008a.75.75 0 00.75-.75v-.008a.75.75 0 00-.75-.75h-.008zM18 17.25a.75.75 0 01.75-.75h.008a.75.75 0 01.75.75v.008a.75.75 0 01-.75.75h-.008a.75.75 0 01-.75-.75v-.008z"
              fill-rule="evenodd"
            />
          </svg>
        </div>
      </div>
      <div
        class="wizard-heading border-gray-300"
      >
        <div
          class="wizard-heading-circle border-gray-300"
          data-testid="circle-button"
        >
          <svg
            aria-hidden="true"
            class="wizard-heading-icon text-gray-300"
            fill="currentColor"
            viewBox="0 0 24 24"
            xmlns="http://www.w3.org/2000/svg"
          >
            <path
              d="M21.731 2.269a2.625 2.625 0 00-3.712 0l-1.157 1.157 3.712 3.712 1.157-1.157a2.625 2.625 0 000-3.712zM19.513 8.199l-3.712-3.712-8.4 8.4a5.25 5.25 0 00-1.32 2.214l-.8 2.685a.75.75 0 00.933.933l2.685-.8a5.25 5.25 0 002.214-1.32l8.4-8.4z"
            />
            <path
              d="M5.25 5.25a3 3 0 00-3 3v10.5a3 3 0 003 3h10.5a3 3 0 003-3V13.5a.75.75 0 00-1.5 0v5.25a1.5 1.5 0 01-1.5 1.5H5.25a1.5 1.5 0 01-1.5-1.5V8.25a1.5 1.5 0 011.5-1.5h5.25a.75.75 0 000-1.5H5.25z"
            />
          </svg>
        </div>
      </div>
    </div>
    <div
      class="tab-content h-full flex"
    >
      <div
        class="w-full h-full px-2 py-2 border border-t border-t-gray-300 block fade-in"
      >
        <h3>
          // Add preview info
        </h3>
      </div>
      <div
        class="w-full h-full px-2 py-2 border border-t border-t-gray-300 hidden fade-out"
      >
        <h3>
          // Add delivery info
        </h3>
      </div>
      <div
        class="w-full h-full px-2 py-2 border border-t border-t-gray-300 hidden fade-out"
      >
        <h3>
          // Add receipt info
        </h3>
      </div>
    </div>
  </div>
</div>
`;
