// Jest Snapshot v1, https://goo.gl/fbAQLP

exports[`UI/Component <WishListItem {...} /> Should render the default state 1`] = `
<div>
  <div
    class="relative border border-gray-300 px-2 py-2 my-2 flex justify-center items-center bg-white rounded-lg shadow-md gap-x-2 hover:scale-[1.02] transition"
  >
    <img
      alt="Spring and summershoes"
      class="mx-auto h-auto w-[8rem] max-h-[5rem] rounded-lg transition border border-gray-300"
      data-nimg="1"
      decoding="async"
      fetchpriority="high"
      height="0"
      sizes="100vw"
      src="/_next/image?url=https%3A%2F%2Fi.dummyjson.com%2Fdata%2Fproducts%2F59%2Fthumbnail.jpg&w=3840&q=75"
      srcset="/_next/image?url=https%3A%2F%2Fi.dummyjson.com%2Fdata%2Fproducts%2F59%2Fthumbnail.jpg&w=640&q=75 640w, /_next/image?url=https%3A%2F%2Fi.dummyjson.com%2Fdata%2Fproducts%2F59%2Fthumbnail.jpg&w=750&q=75 750w, /_next/image?url=https%3A%2F%2Fi.dummyjson.com%2Fdata%2Fproducts%2F59%2Fthumbnail.jpg&w=828&q=75 828w, /_next/image?url=https%3A%2F%2Fi.dummyjson.com%2Fdata%2Fproducts%2F59%2Fthumbnail.jpg&w=1080&q=75 1080w, /_next/image?url=https%3A%2F%2Fi.dummyjson.com%2Fdata%2Fproducts%2F59%2Fthumbnail.jpg&w=1200&q=75 1200w, /_next/image?url=https%3A%2F%2Fi.dummyjson.com%2Fdata%2Fproducts%2F59%2Fthumbnail.jpg&w=1920&q=75 1920w, /_next/image?url=https%3A%2F%2Fi.dummyjson.com%2Fdata%2Fproducts%2F59%2Fthumbnail.jpg&w=2048&q=75 2048w, /_next/image?url=https%3A%2F%2Fi.dummyjson.com%2Fdata%2Fproducts%2F59%2Fthumbnail.jpg&w=3840&q=75 3840w"
      style="color: transparent;"
      width="0"
    />
    <div
      class="flex-1 justify-center items-center"
    >
      <h3
        class="product-heading hover:underline hover:cursor-pointer inline-block"
      >
        Spring and summershoes
      </h3>
      <div
        class="flex space-x-2 items-center mt-3"
        data-testid="star-rating"
      >
        <div
          class="flex space-x-1 justify-start items-baseline"
        >
          <span
            class="star-icon"
            data-testid="star-item"
            style="color: rgb(255, 161, 51);"
          >
            ☆
          </span>
          <span
            class="star-icon"
            data-testid="star-item"
            style="color: rgb(255, 161, 51);"
          >
            ☆
          </span>
          <span
            class="star-icon"
            data-testid="star-item"
            style="color: rgb(255, 161, 51);"
          >
            ☆
          </span>
          <span
            class="star-icon"
            data-testid="star-item"
            style="color: rgb(255, 161, 51);"
          >
            ☆
          </span>
          <span
            class="star-icon"
            data-testid="star-item"
            style="color: rgb(227, 227, 227);"
          >
            ☆
          </span>
        </div>
        <span
          class="text-xs font-medium text-zambezi leading-4"
          data-testid="rating"
        >
          4 Reviews
        </span>
      </div>
    </div>
    <div
      class="absolute top-1/2 -translate-y-1/2 right-36"
    >
      <div
        class="space-x-2"
      >
        <span
          class="price-label-old line-through text-sm"
        >
          €22.00
        </span>
        <span
          class="price-label-old"
        >
          /
        </span>
        <span
          class="price-label"
        >
          €20.00
        </span>
      </div>
    </div>
    <div
      class="w-32 space-y-2"
    >
      <button
        class="cursor-pointer bg-white border border-green-600 text-dark font-normal hover:shadow-lg transition transform active:scale-90 duration-200 ease-in w-full px-4 py-1.5 flex justify-center items-center gap-2 undefined"
      >
        <svg
          aria-hidden="true"
          class="w-4 h-4 text-dark"
          fill="currentColor"
          viewBox="0 0 24 24"
          xmlns="http://www.w3.org/2000/svg"
        >
          <path
            d="M2.25 2.25a.75.75 0 000 1.5h1.386c.17 0 .318.114.362.278l2.558 9.592a3.752 3.752 0 00-2.806 3.63c0 .414.336.75.75.75h15.75a.75.75 0 000-1.5H5.378A2.25 2.25 0 017.5 15h11.218a.75.75 0 00.674-.421 60.358 60.358 0 002.96-7.228.75.75 0 00-.525-.965A60.864 60.864 0 005.68 4.509l-.232-.867A1.875 1.875 0 003.636 2.25H2.25zM3.75 20.25a1.5 1.5 0 113 0 1.5 1.5 0 01-3 0zM16.5 20.25a1.5 1.5 0 113 0 1.5 1.5 0 01-3 0z"
          />
        </svg>
      </button>
      <button
        class="cursor-pointer bg-white border border-green-600 text-dark font-normal hover:shadow-lg transition transform active:scale-90 duration-200 ease-in w-full px-4 py-1.5 flex justify-center items-center gap-2 undefined"
      >
        <svg
          aria-hidden="true"
          class="w-4 h-4 text-dark"
          fill="currentColor"
          viewBox="0 0 24 24"
          xmlns="http://www.w3.org/2000/svg"
        >
          <path
            clip-rule="evenodd"
            d="M16.5 4.478v.227a48.816 48.816 0 013.878.512.75.75 0 11-.256 1.478l-.209-.035-1.005 13.07a3 3 0 01-2.991 2.77H8.084a3 3 0 01-2.991-2.77L4.087 6.66l-.209.035a.75.75 0 01-.256-1.478A48.567 48.567 0 017.5 4.705v-.227c0-1.564 1.213-2.9 2.816-2.951a52.662 52.662 0 013.369 0c1.603.051 2.815 1.387 2.815 2.951zm-6.136-1.452a51.196 51.196 0 013.273 0C14.39 3.05 15 3.684 15 4.478v.113a49.488 49.488 0 00-6 0v-.113c0-.794.609-1.428 1.364-1.452zm-.355 5.945a.75.75 0 10-1.5.058l.347 9a.75.75 0 101.499-.058l-.346-9zm5.48.058a.75.75 0 10-1.498-.058l-.347 9a.75.75 0 001.5.058l.345-9z"
            fill-rule="evenodd"
          />
        </svg>
      </button>
    </div>
  </div>
</div>
`;
