// Jest Snapshot v1, https://goo.gl/fbAQLP

exports[`UI/ProductItem <ProductItem {...} /> Should render the badge with a counter 1`] = `
<div>
  <div
    class="p-2"
  >
    <section
      class="bg-white h-auto m-auto border border-gray-300 rounded-lg p-4 shadow-lg"
    >
      <div
        class="py-0"
      />
      <div
        class="pt-2"
      >
        <img
          alt=""
          data-nimg="1"
          decoding="async"
          height="320"
          loading="lazy"
          src="/_next/image?url=%2Fimages%2Fairpods.jpg&w=1920&q=75"
          srcset="/_next/image?url=%2Fimages%2Fairpods.jpg&w=640&q=75 1x, /_next/image?url=%2Fimages%2Fairpods.jpg&w=1920&q=75 2x"
          style="color: transparent;"
          width="640"
        />
        <h3
          class="text-xl text-slate-700 border underline hover:cursor-pointer mt-1"
        >
          Airpods Pro2 Headphones
        </h3>
        <span
          class="text-gray-400 font-bold text-lg"
        >
          $399.99
        </span>
      </div>
    </section>
  </div>
</div>
`;
