// Jest Snapshot v1, https://goo.gl/fbAQLP

exports[`UI/Component <Comment {...} /> Should render a default state of the component 1`] = `
<div>
  <div
    class="relative grid grid-cols-1 gap-4 p-4 mb-8 border rounded-lg bg-white"
  >
    <div
      class="relative flex gap-4"
    >
      <img
        alt=""
        class="relative rounded-lg -top-8 -mb-4 bg-white border"
        data-nimg="1"
        decoding="async"
        height="20"
        loading="lazy"
        src="/_next/image?url=%2Fimages%2Favatar.jpeg&w=128&q=75"
        srcset="/_next/image?url=%2Fimages%2Favatar.jpeg&w=64&q=75 1x, /_next/image?url=%2Fimages%2Favatar.jpeg&w=128&q=75 2x"
        style="color: transparent;"
        width="64"
      />
      <div
        class="flex flex-col w-full"
      >
        <div
          class="flex flex-row justify-between"
        >
          <p
            class="relative text-xl whitespace-nowrap truncate overflow-hidden"
          >
            John Doue
          </p>
          <a
            class="text-gray-500 text-xl"
            href="#"
          >
            <i
              class="fa-solid fa-trash"
            />
          </a>
        </div>
        <p
          class="text-gray-400 text-sm"
        >
          20 April 2022, at 14:88 PM
        </p>
      </div>
    </div>
    <p
      class="-mt-4 text-gray-500"
    >
      It is a great product!
    </p>
  </div>
</div>
`;
