// Jest Snapshot v1, https://goo.gl/fbAQLP

exports[`Should be able to render the default state 1`] = `
<div>
  <div
    class="modal-box-container"
  >
    <div
      class="content max-w-4xl"
    >
      <div
        class="relative w-full h-10"
      >
        <svg
          aria-hidden="true"
          class="absolute top-2 right-2 font-medium h-6 w-6 text-eerie-black cursor-pointer transition hover:rotate-90"
          data-testid="close-btn"
          fill="currentColor"
          viewBox="0 0 24 24"
          xmlns="http://www.w3.org/2000/svg"
        >
          <path
            clip-rule="evenodd"
            d="M5.47 5.47a.75.75 0 011.06 0L12 10.94l5.47-5.47a.75.75 0 111.06 1.06L13.06 12l5.47 5.47a.75.75 0 11-1.06 1.06L12 13.06l-5.47 5.47a.75.75 0 01-1.06-1.06L10.94 12 5.47 6.53a.75.75 0 010-1.06z"
            fill-rule="evenodd"
          />
        </svg>
      </div>
    </div>
  </div>
</div>
`;
